
> stockpilot@1.0.0 build
> next build

   Γû▓ Next.js 15.3.3

   Creating an optimized production build ...
 ΓÜá Compiled with warnings in 3.0s

./node_modules/handlebars/lib/index.js
require.extensions is not supported by webpack. Use a loader instead.

Import trace for requested module:
./node_modules/handlebars/lib/index.js
./node_modules/dotprompt/dist/index.js
./node_modules/@genkit-ai/core/lib/registry.js
./node_modules/genkit/lib/registry.js
./node_modules/genkit/lib/genkit.js
./node_modules/genkit/lib/index.mjs
./src/ai/flows/low-stock-alerts-analysis.ts

./node_modules/handlebars/lib/index.js
require.extensions is not supported by webpack. Use a loader instead.

Import trace for requested module:
./node_modules/handlebars/lib/index.js
./node_modules/dotprompt/dist/index.js
./node_modules/@genkit-ai/core/lib/registry.js
./node_modules/genkit/lib/registry.js
./node_modules/genkit/lib/genkit.js
./node_modules/genkit/lib/index.mjs
./src/ai/flows/low-stock-alerts-analysis.ts

./node_modules/handlebars/lib/index.js
require.extensions is not supported by webpack. Use a loader instead.

Import trace for requested module:
./node_modules/handlebars/lib/index.js
./node_modules/dotprompt/dist/index.js
./node_modules/@genkit-ai/core/lib/registry.js
./node_modules/genkit/lib/registry.js
./node_modules/genkit/lib/genkit.js
./node_modules/genkit/lib/index.mjs
./src/ai/flows/low-stock-alerts-analysis.ts

 Γ£ô Compiled successfully in 4.0s
   Skipping linting
   Checking validity of types ...
   Collecting page data ...
   Generating static pages (0/9) ...
   Generating static pages (2/9) 
   Generating static pages (4/9) 
   Generating static pages (6/9) 
 Γ£ô Generating static pages (9/9)
   Finalizing page optimization ...
   Collecting build traces ...

Route (app)                                 Size  First Load JS
Γöî Γùï /                                     147 kB         300 kB
Γö£ Γùï /_not-found                            986 B         102 kB
Γö£ Γùï /login                               4.05 kB         118 kB
Γö£ Γùï /register                            4.17 kB         118 kB
Γö£ Γùï /reports                             1.04 kB         154 kB
Γöö Γùï /settings                            1.13 kB         154 kB
+ First Load JS shared by all             101 kB
  Γö£ chunks/4bd1b696-3a4f92e4cd9d5743.js  53.2 kB
  Γö£ chunks/684-729884ebe0f95308.js       45.8 kB
  Γöö other shared chunks (total)          2.04 kB


Γùï  (Static)  prerendered as static content

